Java HotSpot(TM) 64-Bit Server VM (25.192-b12) for linux-amd64 JRE (1.8.0_192-b12), built on Oct  6 2018 06:46:09 by "java_re" with gcc 7.3.0
Memory: 4k page, physical 16378668k(3339476k free), swap 142476280k(141270664k free)
CommandLine flags: -XX:+HeapDumpOnOutOfMemoryError -XX:InitialHeapSize=2147483648 -XX:MaxHeapSize=2147483648 -XX:+PrintGC -XX:+PrintGCDateStamps -XX:+PrintGCDetails -XX:+PrintGCTimeStamps -XX:+UseCompressedClassPointers -XX:+UseCompressedOops -XX:+UseParallelGC 
2024-03-18T08:01:48.079-0700: 28.115: [GC (Metadata GC Threshold) [PSYoungGen: 356882K->14625K(611840K)] 356882K->14713K(2010112K), 0.1119771 secs] [Times: user=0.27 sys=0.23, real=0.11 secs] 
2024-03-18T08:01:48.191-0700: 28.227: [Full GC (Metadata GC Threshold) [PSYoungGen: 14625K->0K(611840K)] [ParOldGen: 88K->13840K(1398272K)] 14713K->13840K(2010112K), [Metaspace: 20561K->20559K(1067008K)], 0.1798276 secs] [Times: user=0.31 sys=0.40, real=0.18 secs] 
2024-03-18T08:02:10.071-0700: 50.107: [GC (Allocation Failure) [PSYoungGen: 524800K->12683K(611840K)] 538640K->26532K(2010112K), 0.0131431 secs] [Times: user=0.03 sys=0.01, real=0.01 secs] 
2024-03-18T08:02:10.710-0700: 50.746: [GC (Metadata GC Threshold) [PSYoungGen: 160498K->10153K(611840K)] 174347K->24010K(2010112K), 0.0062105 secs] [Times: user=0.02 sys=0.00, real=0.01 secs] 
2024-03-18T08:02:10.716-0700: 50.752: [Full GC (Metadata GC Threshold) [PSYoungGen: 10153K->0K(611840K)] [ParOldGen: 13856K->15207K(1398272K)] 24010K->15207K(2010112K), [Metaspace: 33719K->33719K(1079296K)], 0.0486537 secs] [Times: user=0.22 sys=0.00, real=0.04 secs] 
2024-03-18T08:02:17.589-0700: 57.625: [GC (Allocation Failure) [PSYoungGen: 524800K->21551K(611840K)] 540007K->36767K(2010112K), 0.0551075 secs] [Times: user=0.18 sys=0.00, real=0.05 secs] 
2024-03-18T08:02:31.738-0700: 71.774: [GC (Metadata GC Threshold) [PSYoungGen: 192204K->16202K(611840K)] 207419K->31417K(2010112K), 0.2228585 secs] [Times: user=0.37 sys=0.03, real=0.23 secs] 
2024-03-18T08:02:31.961-0700: 71.997: [Full GC (Metadata GC Threshold) [PSYoungGen: 16202K->0K(611840K)] [ParOldGen: 15215K->25914K(1398272K)] 31417K->25914K(2010112K), [Metaspace: 56192K->56190K(1101824K)], 0.4920366 secs] [Times: user=1.05 sys=0.06, real=0.49 secs] 
2024-03-18T08:23:22.480-0700: 1322.516: [GC (Allocation Failure) [PSYoungGen: 524800K->3144K(672768K)] 550714K->29067K(2071040K), 0.0169991 secs] [Times: user=0.05 sys=0.00, real=0.02 secs] 
2024-03-18T11:59:10.258-0700: 14270.294: [GC (Allocation Failure) [PSYoungGen: 653849K->9958K(674816K)] 679771K->35889K(2073088K), 0.0497185 secs] [Times: user=0.19 sys=0.00, real=0.05 secs] 
2024-03-18T23:44:51.653-0700: 56611.689: [GC (Allocation Failure) [PSYoungGen: 660710K->23036K(665600K)] 686641K->53495K(2063872K), 0.1951305 secs] [Times: user=0.43 sys=0.00, real=0.20 secs] 
2024-03-19T00:22:47.737-0700: 58887.773: [GC (Allocation Failure) [PSYoungGen: 665590K->21265K(664064K)] 696049K->51731K(2062336K), 0.0450718 secs] [Times: user=0.22 sys=0.00, real=0.04 secs] 
2024-03-19T01:14:59.582-0700: 62019.618: [GC (Allocation Failure) [PSYoungGen: 663825K->20126K(668160K)] 694291K->50601K(2066432K), 0.0220545 secs] [Times: user=0.08 sys=0.00, real=0.02 secs] 
2024-03-19T02:33:14.836-0700: 66714.872: [GC (Allocation Failure) [PSYoungGen: 658590K->21327K(659968K)] 689065K->51810K(2058240K), 0.0370715 secs] [Times: user=0.19 sys=0.00, real=0.04 secs] 
2024-03-19T04:41:47.556-0700: 74427.592: [GC (Allocation Failure) [PSYoungGen: 659791K->23324K(666112K)] 690274K->53814K(2064384K), 0.1018206 secs] [Times: user=0.49 sys=0.00, real=0.10 secs] 
2024-03-19T06:44:42.629-0700: 81802.665: [GC (Allocation Failure) [PSYoungGen: 658716K->24506K(659968K)] 689206K->55004K(2058240K), 0.1784247 secs] [Times: user=0.70 sys=0.00, real=0.18 secs] 
2024-03-19T06:49:58.466-0700: 82118.502: [GC (Allocation Failure) [PSYoungGen: 659898K->21683K(665600K)] 690396K->52182K(2063872K), 0.0864349 secs] [Times: user=0.43 sys=0.00, real=0.08 secs] 
2024-03-19T06:58:56.196-0700: 82656.232: [GC (Allocation Failure) [PSYoungGen: 654003K->19386K(665600K)] 684502K->49893K(2063872K), 0.0167125 secs] [Times: user=0.03 sys=0.00, real=0.01 secs] 
2024-03-19T07:04:31.704-0700: 82991.740: [GC (Allocation Failure) [PSYoungGen: 651706K->19233K(667648K)] 682213K->49747K(2065920K), 0.0344900 secs] [Times: user=0.13 sys=0.00, real=0.04 secs] 
2024-03-19T10:40:32.603-0700: 95952.639: [GC (Allocation Failure) [PSYoungGen: 654625K->25064K(666624K)] 685139K->55587K(2064896K), 0.3022408 secs] [Times: user=1.76 sys=0.00, real=0.30 secs] 
2024-03-19T22:21:14.272-0700: 137994.308: [GC (Allocation Failure) [PSYoungGen: 660456K->32245K(651264K)] 690979K->73391K(2049536K), 0.6100983 secs] [Times: user=2.70 sys=0.00, real=0.61 secs] 
2024-03-19T22:27:59.978-0700: 138400.014: [GC (Allocation Failure) [PSYoungGen: 651253K->33082K(652288K)] 692399K->74228K(2050560K), 0.0341750 secs] [Times: user=0.22 sys=0.00, real=0.03 secs] 
2024-03-19T22:34:24.202-0700: 138784.238: [GC (Allocation Failure) [PSYoungGen: 652090K->33912K(652288K)] 693236K->75058K(2050560K), 0.0721428 secs] [Times: user=0.54 sys=0.00, real=0.07 secs] 
2024-03-19T22:41:02.150-0700: 139182.187: [GC (Allocation Failure) [PSYoungGen: 643699K->32084K(642048K)] 684846K->74867K(2040320K), 0.0137305 secs] [Times: user=0.04 sys=0.00, real=0.01 secs] 
2024-03-20T03:12:22.177-0700: 155462.213: [GC (Allocation Failure) [PSYoungGen: 641876K->38907K(647168K)] 684659K->82461K(2045440K), 0.5353152 secs] [Times: user=3.17 sys=0.00, real=0.53 secs] 
2024-03-20T07:24:51.049-0700: 170611.086: [GC (Allocation Failure) [PSYoungGen: 640485K->29410K(650240K)] 684040K->86287K(2048512K), 0.2472281 secs] [Times: user=1.34 sys=0.00, real=0.25 secs] 
2024-03-21T00:11:35.042-0700: 231015.078: [GC (Allocation Failure) [PSYoungGen: 631010K->48123K(637440K)] 687887K->107532K(2035712K), 0.9281106 secs] [Times: user=3.25 sys=0.00, real=0.93 secs] 
2024-03-21T16:04:21.430-0700: 288181.466: [GC (Allocation Failure) [PSYoungGen: 637404K->54766K(634368K)] 696813K->123360K(2032640K), 1.7949599 secs] [Times: user=5.82 sys=0.00, real=1.79 secs] 
2024-03-22T05:27:45.929-0700: 336385.965: [GC (Allocation Failure) [PSYoungGen: 634350K->54773K(602112K)] 702944K->138158K(2000384K), 1.4503199 secs] [Times: user=5.81 sys=0.00, real=1.45 secs] 
2024-03-22T05:43:49.061-0700: 337349.098: [GC (Allocation Failure) [PSYoungGen: 602101K->55137K(602624K)] 685486K->139167K(2000896K), 0.0866907 secs] [Times: user=0.59 sys=0.00, real=0.09 secs] 
2024-03-22T05:49:39.131-0700: 337699.167: [GC (Allocation Failure) [PSYoungGen: 602465K->55329K(614912K)] 686495K->139367K(2013184K), 0.1915714 secs] [Times: user=0.61 sys=0.00, real=0.19 secs] 
2024-03-22T06:24:03.653-0700: 339763.690: [GC (Allocation Failure) [PSYoungGen: 591388K->56737K(592896K)] 675426K->140784K(1991168K), 0.0287828 secs] [Times: user=0.13 sys=0.00, real=0.03 secs] 
2024-03-22T07:34:58.217-0700: 344018.253: [GC (Allocation Failure) [PSYoungGen: 592801K->58241K(611328K)] 676848K->142295K(2009600K), 0.1920819 secs] [Times: user=0.75 sys=0.00, real=0.20 secs] 
2024-03-22T07:46:42.118-0700: 344722.154: [GC (Allocation Failure) [PSYoungGen: 586113K->56606K(584704K)] 670167K->140762K(1982976K), 0.0297623 secs] [Times: user=0.13 sys=0.00, real=0.03 secs] 
2024-03-22T07:56:00.864-0700: 345280.901: [GC (Allocation Failure) [PSYoungGen: 584478K->55341K(612864K)] 668634K->140276K(2011136K), 0.1158155 secs] [Times: user=0.53 sys=0.00, real=0.12 secs] 
2024-03-22T08:18:08.969-0700: 346609.005: [GC (Allocation Failure) [PSYoungGen: 581677K->41390K(612352K)] 666612K->140236K(2010624K), 0.0395246 secs] [Times: user=0.25 sys=0.00, real=0.04 secs] 
2024-03-22T08:32:12.420-0700: 347452.456: [GC (Allocation Failure) [PSYoungGen: 567726K->41543K(619008K)] 666572K->140397K(2017280K), 0.0188456 secs] [Times: user=0.09 sys=0.00, real=0.02 secs] 
2024-03-22T09:04:41.622-0700: 349401.658: [GC (Allocation Failure) [PSYoungGen: 577599K->41920K(615936K)] 676453K->140807K(2014208K), 0.0396158 secs] [Times: user=0.17 sys=0.00, real=0.04 secs] 
2024-03-22T10:45:55.494-0700: 355475.530: [GC (Allocation Failure) [PSYoungGen: 577984K->44337K(625152K)] 676871K->143295K(2023424K), 0.0569224 secs] [Times: user=0.31 sys=0.00, real=0.06 secs] 
2024-03-22T12:27:37.813-0700: 361577.849: [GC (Allocation Failure) [PSYoungGen: 592689K->45867K(622080K)] 691647K->144849K(2020352K), 0.0973678 secs] [Times: user=0.50 sys=0.00, real=0.10 secs] 
2024-03-22T14:11:22.318-0700: 367802.354: [GC (Allocation Failure) [PSYoungGen: 594219K->45298K(630272K)] 693201K->144587K(2028544K), 0.1242494 secs] [Times: user=0.27 sys=0.00, real=0.12 secs] 
2024-03-22T15:54:00.021-0700: 373960.058: [GC (Allocation Failure) [PSYoungGen: 604402K->39009K(627712K)] 703691K->145066K(2025984K), 0.1265266 secs] [Times: user=0.59 sys=0.00, real=0.13 secs] 
2024-03-22T17:38:44.032-0700: 380244.068: [GC (Allocation Failure) [PSYoungGen: 598113K->20343K(628224K)] 704170K->144975K(2026496K), 0.0496606 secs] [Times: user=0.36 sys=0.00, real=0.05 secs] 
2024-03-22T19:21:55.153-0700: 386435.190: [GC (Allocation Failure) [PSYoungGen: 580983K->7661K(568320K)] 705615K->145244K(1966592K), 0.0462387 secs] [Times: user=0.33 sys=0.00, real=0.05 secs] 
2024-03-22T21:05:23.147-0700: 392643.183: [GC (Allocation Failure) [PSYoungGen: 568301K->7161K(622592K)] 705884K->144900K(2020864K), 0.0203050 secs] [Times: user=0.10 sys=0.00, real=0.02 secs] 
2024-03-22T22:43:27.828-0700: 398527.864: [GC (Allocation Failure) [PSYoungGen: 557561K->7533K(558080K)] 695300K->145396K(1956352K), 0.0342102 secs] [Times: user=0.24 sys=0.00, real=0.03 secs] 
2024-03-23T00:25:38.827-0700: 404658.863: [GC (Allocation Failure) [PSYoungGen: 557933K->6889K(623104K)] 695796K->144828K(2021376K), 0.0894248 secs] [Times: user=0.54 sys=0.00, real=0.09 secs] 
2024-03-23T02:03:34.299-0700: 410534.335: [GC (Allocation Failure) [PSYoungGen: 555241K->6663K(623616K)] 693180K->144618K(2021888K), 0.0333729 secs] [Times: user=0.15 sys=0.00, real=0.03 secs] 
2024-03-23T02:54:07.100-0700: 413567.136: [GC (Allocation Failure) [PSYoungGen: 555015K->5392K(625152K)] 692970K->143363K(2023424K), 0.0071203 secs] [Times: user=0.02 sys=0.00, real=0.01 secs] 
2024-03-23T03:10:26.840-0700: 414546.876: [GC (Allocation Failure) [PSYoungGen: 555792K->3684K(624128K)] 693763K->141663K(2022400K), 0.0335211 secs] [Times: user=0.09 sys=0.00, real=0.03 secs] 
2024-03-23T03:40:46.133-0700: 416366.169: [GC (Allocation Failure) [PSYoungGen: 554084K->3441K(627712K)] 692063K->141436K(2025984K), 0.0130422 secs] [Times: user=0.06 sys=0.00, real=0.02 secs] 
2024-03-23T03:53:23.025-0700: 417123.062: [GC (Allocation Failure) [PSYoungGen: 558449K->2602K(626176K)] 696444K->140605K(2024448K), 0.0203910 secs] [Times: user=0.04 sys=0.00, real=0.03 secs] 
2024-03-23T04:05:20.681-0700: 417840.717: [GC (Allocation Failure) [PSYoungGen: 557610K->2663K(631808K)] 695613K->140707K(2030080K), 0.0195182 secs] [Times: user=0.05 sys=0.00, real=0.02 secs] 
2024-03-23T04:24:22.125-0700: 418982.162: [GC (Allocation Failure) [PSYoungGen: 565351K->2762K(629760K)] 703395K->140813K(2028032K), 0.0453569 secs] [Times: user=0.09 sys=0.00, real=0.05 secs] 
2024-03-23T04:36:10.960-0700: 419690.996: [GC (Allocation Failure) [PSYoungGen: 565450K->3020K(636928K)] 703501K->141071K(2035200K), 0.0349290 secs] [Times: user=0.08 sys=0.00, real=0.03 secs] 
2024-03-23T04:49:31.035-0700: 420491.071: [GC (Allocation Failure) [PSYoungGen: 575436K->2764K(634368K)] 713487K->140815K(2032640K), 0.0359126 secs] [Times: user=0.19 sys=0.00, real=0.04 secs] 
2024-03-23T05:43:28.343-0700: 423728.379: [GC (Allocation Failure) [PSYoungGen: 575180K->4242K(642560K)] 713231K->142301K(2040832K), 0.0705180 secs] [Times: user=0.22 sys=0.00, real=0.07 secs] 
2024-03-23T06:35:00.004-0700: 426820.040: [GC (Allocation Failure) [PSYoungGen: 587410K->5036K(639488K)] 725469K->143095K(2037760K), 0.1011500 secs] [Times: user=0.33 sys=0.00, real=0.10 secs] 
2024-03-23T07:55:21.283-0700: 431641.319: [GC (Allocation Failure) [PSYoungGen: 588204K->5420K(648704K)] 726263K->143487K(2046976K), 0.2286828 secs] [Times: user=0.96 sys=0.00, real=0.23 secs] 
2024-03-23T09:46:48.713-0700: 438328.750: [GC (Allocation Failure) [PSYoungGen: 600876K->7034K(645632K)] 738943K->145109K(2043904K), 0.0762882 secs] [Times: user=0.35 sys=0.00, real=0.08 secs] 
2024-03-23T11:37:00.007-0700: 444940.044: [GC (Allocation Failure) [PSYoungGen: 602490K->7955K(654848K)] 740565K->146038K(2053120K), 0.2311884 secs] [Times: user=0.62 sys=0.00, real=0.23 secs] 
2024-03-23T13:30:58.004-0700: 451778.040: [GC (Allocation Failure) [PSYoungGen: 615699K->7844K(651776K)] 753782K->145983K(2050048K), 0.0892969 secs] [Times: user=0.39 sys=0.00, real=0.09 secs] 
2024-03-23T15:24:59.516-0700: 458619.553: [GC (Allocation Failure) [PSYoungGen: 615588K->7499K(659968K)] 753727K->145647K(2058240K), 0.1623431 secs] [Times: user=0.32 sys=0.00, real=0.16 secs] 
2024-03-23T17:19:36.639-0700: 465496.676: [GC (Allocation Failure) [PSYoungGen: 625995K->7617K(657408K)] 764143K->145829K(2055680K), 0.0867329 secs] [Times: user=0.39 sys=0.00, real=0.09 secs] 
2024-03-23T19:13:22.389-0700: 472322.425: [GC (Allocation Failure) [PSYoungGen: 626113K->7697K(665088K)] 764325K->145940K(2063360K), 0.1787423 secs] [Times: user=0.49 sys=0.00, real=0.18 secs] 
2024-03-23T21:07:33.887-0700: 479173.924: [GC (Allocation Failure) [PSYoungGen: 636433K->7960K(662528K)] 774676K->146235K(2060800K), 0.0845728 secs] [Times: user=0.40 sys=0.00, real=0.08 secs] 
2024-03-23T22:59:46.168-0700: 485906.204: [GC (Allocation Failure) [PSYoungGen: 636696K->7985K(669184K)] 774971K->146268K(2067456K), 0.1376492 secs] [Times: user=0.22 sys=0.00, real=0.13 secs] 
2024-03-24T00:21:05.671-0700: 490785.708: [GC (Allocation Failure) [PSYoungGen: 645425K->7039K(667136K)] 783708K->145338K(2065408K), 0.6098482 secs] [Times: user=2.19 sys=0.00, real=0.61 secs] 
2024-03-24T00:51:56.102-0700: 492636.139: [GC (Allocation Failure) [PSYoungGen: 644479K->4652K(671744K)] 782778K->142983K(2070016K), 0.0769351 secs] [Times: user=0.29 sys=0.00, real=0.08 secs] 
2024-03-24T01:13:32.806-0700: 493932.843: [GC (Allocation Failure) [PSYoungGen: 648236K->5887K(670720K)] 786567K->144234K(2068992K), 0.1323209 secs] [Times: user=0.36 sys=0.00, real=0.13 secs] 
2024-03-24T01:33:41.746-0700: 495141.782: [GC (Allocation Failure) [PSYoungGen: 649471K->3120K(673792K)] 787818K->141508K(2072064K), 0.1146399 secs] [Times: user=0.41 sys=0.00, real=0.11 secs] 
2024-03-24T02:20:42.421-0700: 497962.458: [GC (Allocation Failure) [PSYoungGen: 651312K->5260K(673280K)] 789700K->143695K(2071552K), 0.5119529 secs] [Times: user=1.99 sys=0.00, real=0.51 secs] 
2024-03-24T02:34:37.601-0700: 498797.637: [GC (Allocation Failure) [PSYoungGen: 653452K->4085K(676352K)] 791887K->142528K(2074624K), 0.0569125 secs] [Times: user=0.22 sys=0.00, real=0.06 secs] 
2024-03-24T02:59:12.858-0700: 500272.894: [GC (Allocation Failure) [PSYoungGen: 656881K->4035K(675328K)] 795324K->142478K(2073600K), 0.0894081 secs] [Times: user=0.27 sys=0.00, real=0.09 secs] 
2024-03-24T03:20:05.532-0700: 501525.568: [GC (Allocation Failure) [PSYoungGen: 656835K->4153K(678400K)] 795278K->142612K(2076672K), 0.0546464 secs] [Times: user=0.11 sys=0.00, real=0.06 secs] 
2024-03-24T03:53:24.664-0700: 503524.701: [GC (Allocation Failure) [PSYoungGen: 661049K->4570K(677376K)] 799508K->143038K(2075648K), 0.1162462 secs] [Times: user=0.27 sys=0.00, real=0.12 secs] 
2024-03-24T04:13:45.679-0700: 504745.715: [GC (Allocation Failure) [PSYoungGen: 661455K->3928K(679936K)] 799922K->142395K(2078208K), 0.0643579 secs] [Times: user=0.16 sys=0.00, real=0.06 secs] 
2024-03-24T04:41:59.415-0700: 506439.451: [GC (Allocation Failure) [PSYoungGen: 664408K->4265K(679424K)] 802875K->142740K(2077696K), 0.0886292 secs] [Times: user=0.34 sys=0.00, real=0.09 secs] 
2024-03-24T05:03:58.894-0700: 507758.930: [GC (Allocation Failure) [PSYoungGen: 664745K->4266K(681984K)] 803220K->142757K(2080256K), 0.1045984 secs] [Times: user=0.31 sys=0.00, real=0.11 secs] 
2024-03-24T05:09:16.299-0700: 508076.335: [GC (Allocation Failure) [PSYoungGen: 668330K->5229K(680960K)] 806821K->143728K(2079232K), 0.2261508 secs] [Times: user=0.58 sys=0.00, real=0.22 secs] 
2024-03-24T05:15:10.421-0700: 508430.457: [GC (Allocation Failure) [PSYoungGen: 669293K->4735K(683520K)] 807792K->143250K(2081792K), 0.1061118 secs] [Times: user=0.41 sys=0.00, real=0.11 secs] 
2024-03-24T05:17:21.685-0700: 508561.721: [GC (Allocation Failure) [PSYoungGen: 672383K->5694K(683008K)] 810898K->144217K(2081280K), 0.1095798 secs] [Times: user=0.42 sys=0.00, real=0.11 secs] 
2024-03-24T05:18:00.262-0700: 508600.298: [GC (Allocation Failure) [PSYoungGen: 673342K->4031K(685056K)] 811865K->142594K(2083328K), 0.1090190 secs] [Times: user=0.33 sys=0.00, real=0.11 secs] 
2024-03-24T05:18:43.884-0700: 508643.921: [GC (Allocation Failure) [PSYoungGen: 674751K->5795K(684544K)] 813314K->144382K(2082816K), 0.0459257 secs] [Times: user=0.25 sys=0.00, real=0.05 secs] 
2024-03-24T05:19:29.895-0700: 508689.931: [GC (Allocation Failure) [PSYoungGen: 676515K->3892K(686080K)] 815102K->142734K(2084352K), 0.0379634 secs] [Times: user=0.17 sys=0.00, real=0.04 secs] 
2024-03-24T05:28:41.426-0700: 509241.463: [GC (Allocation Failure) [PSYoungGen: 677172K->3848K(686080K)] 816014K->143160K(2084352K), 0.0278342 secs] [Times: user=0.09 sys=0.00, real=0.02 secs] 
2024-03-24T05:53:56.120-0700: 510756.156: [GC (Allocation Failure) [PSYoungGen: 677128K->4845K(687104K)] 816440K->144189K(2085376K), 0.0543406 secs] [Times: user=0.09 sys=0.00, real=0.05 secs] 
2024-03-24T06:00:35.373-0700: 511155.409: [GC (Allocation Failure) [PSYoungGen: 679661K->7571K(686592K)] 819005K->146946K(2084864K), 0.0362438 secs] [Times: user=0.13 sys=0.00, real=0.04 secs] 
2024-03-24T06:07:57.684-0700: 511597.720: [GC (Allocation Failure) [PSYoungGen: 682387K->3285K(687104K)] 821762K->142693K(2085376K), 0.0312548 secs] [Times: user=0.11 sys=0.00, real=0.03 secs] 
2024-03-24T07:57:50.969-0700: 518191.005: [GC (Allocation Failure) [PSYoungGen: 678604K->7774K(687104K)] 818011K->147181K(2085376K), 0.2290657 secs] [Times: user=1.36 sys=0.00, real=0.23 secs] 
2024-03-24T08:05:06.002-0700: 518626.039: [GC (Allocation Failure) [PSYoungGen: 683102K->5883K(687616K)] 822509K->145322K(2085888K), 0.0944851 secs] [Times: user=0.16 sys=0.00, real=0.10 secs] 
2024-03-24T08:14:49.839-0700: 519209.875: [GC (Allocation Failure) [PSYoungGen: 681716K->4683K(687104K)] 821156K->144170K(2085376K), 0.0533710 secs] [Times: user=0.21 sys=0.00, real=0.05 secs] 
2024-03-24T09:42:18.461-0700: 524458.498: [GC (Allocation Failure) [PSYoungGen: 680523K->6922K(687104K)] 820010K->146449K(2085376K), 0.0738016 secs] [Times: user=0.19 sys=0.00, real=0.07 secs] 
2024-03-24T11:44:38.617-0700: 531798.653: [GC (Allocation Failure) [PSYoungGen: 683274K->9391K(686080K)] 822801K->148942K(2084352K), 0.0844465 secs] [Times: user=0.11 sys=0.00, real=0.08 secs] 
2024-03-24T13:47:43.609-0700: 539183.645: [GC (Allocation Failure) [PSYoungGen: 685743K->8441K(686080K)] 825294K->149640K(2084352K), 0.0490279 secs] [Times: user=0.23 sys=0.00, real=0.05 secs] 
2024-03-24T15:50:16.726-0700: 546536.763: [GC (Allocation Failure) [PSYoungGen: 682745K->8110K(686592K)] 823944K->149324K(2084864K), 0.0139183 secs] [Times: user=0.04 sys=0.00, real=0.02 secs] 
2024-03-24T17:51:26.313-0700: 553806.349: [GC (Allocation Failure) [PSYoungGen: 682414K->8034K(686592K)] 823628K->149256K(2084864K), 0.0102078 secs] [Times: user=0.04 sys=0.00, real=0.01 secs] 
2024-03-24T19:52:17.620-0700: 561057.656: [GC (Allocation Failure) [PSYoungGen: 682338K->8016K(686592K)] 823560K->149247K(2084864K), 0.0224363 secs] [Times: user=0.06 sys=0.00, real=0.02 secs] 
2024-03-24T21:52:31.911-0700: 568271.947: [GC (Allocation Failure) [PSYoungGen: 682320K->8030K(686592K)] 823551K->149261K(2084864K), 0.0160836 secs] [Times: user=0.04 sys=0.00, real=0.02 secs] 
2024-03-24T23:51:54.864-0700: 575434.900: [GC (Allocation Failure) [PSYoungGen: 682334K->7954K(686592K)] 823565K->149185K(2084864K), 0.0308547 secs] [Times: user=0.11 sys=0.00, real=0.03 secs] 
2024-03-25T00:36:09.538-0700: 578089.574: [GC (Allocation Failure) [PSYoungGen: 677785K->12286K(677376K)] 819015K->161841K(2075648K), 0.0793203 secs] [Times: user=0.40 sys=0.00, real=0.08 secs] 
2024-03-25T00:52:28.428-0700: 579068.465: [GC (Allocation Failure) [PSYoungGen: 677374K->3103K(681984K)] 826929K->152665K(2080256K), 0.1413706 secs] [Times: user=0.16 sys=0.00, real=0.14 secs] 
2024-03-25T01:42:43.303-0700: 582083.339: [GC (Allocation Failure) [PSYoungGen: 668191K->5566K(682496K)] 817753K->155128K(2080768K), 0.6931310 secs] [Times: user=1.47 sys=0.06, real=0.70 secs] 
2024-03-25T12:19:00.052-0700: 620260.088: [GC (Allocation Failure) [PSYoungGen: 671166K->16377K(681984K)] 820728K->172227K(2080256K), 0.8658674 secs] [Times: user=3.85 sys=0.00, real=0.87 secs] 
2024-03-26T07:06:40.922-0700: 687920.958: [GC (Allocation Failure) [PSYoungGen: 681954K->16882K(645120K)] 837804K->206109K(2043392K), 0.6372226 secs] [Times: user=4.27 sys=0.00, real=0.64 secs] 
Heap
 PSYoungGen      total 645120K, used 77856K [0x00000000d5580000, 0x0000000100000000, 0x0000000100000000)
  eden space 628224K, 9% used [0x00000000d5580000,0x00000000d910b870,0x00000000fbb00000)
  from space 16896K, 99% used [0x00000000fef80000,0x00000000ffffcb30,0x0000000100000000)
  to   space 35328K, 0% used [0x00000000fbb00000,0x00000000fbb00000,0x00000000fdd80000)
 ParOldGen       total 1398272K, used 189227K [0x0000000080000000, 0x00000000d5580000, 0x00000000d5580000)
  object space 1398272K, 13% used [0x0000000080000000,0x000000008b8cac18,0x00000000d5580000)
 Metaspace       used 62188K, capacity 65154K, committed 65496K, reserved 1107968K
  class space    used 7302K, capacity 7835K, committed 7936K, reserved 1048576K
